<html>
<body>
<pre>
<h1>µVision Build Log</h1>
<h2>Tool Versions:</h2>
IDE-Version: µVision V5.20.0.0
Copyright (C) 2016 ARM Ltd and ARM Germany GmbH. All rights reserved.
License Information: Hao Hua, zGlue, LIC=----
 
Tool Versions:
Toolchain:       MDK-Lite  Version: 5.20
Toolchain Path:  C:\Keil_v5\ARM\ARMCC\Bin
C Compiler:      Armcc.exe V5.06 update 2 (build 183)
Assembler:       Armasm.exe V5.06 update 2 (build 183)
Linker/Locator:  ArmLink.exe V5.06 update 2 (build 183)
Library Manager: ArmAr.exe V5.06 update 2 (build 183)
Hex Converter:   FromElf.exe V5.06 update 2 (build 183)
CPU DLL:         SARMCM3.DLL V5.20
Dialog DLL:      DARMCM1.DLL V1.14.0.0
Target DLL:      Segger\JL2CM3.dll V2.99.20.0
Dialog DLL:      TARMCM1.DLL V1.10.0.0
 
<h2>Project:</h2>
C:\Users\Hao Hua\Documents\Projects\Dialog\DA1458x_SDK\5.0.4\projects\target_apps\ble_examples\ble_app_peripheral\Keil_5\ble_app_peripheral.uvprojx
Project File Date:  08/08/2016

<h2>Output:</h2>
*** Using Compiler 'V5.06 update 2 (build 183)', folder: 'C:\Keil_v5\ARM\ARMCC\Bin'
Rebuild target 'ble_app_peripheral_580'
assembling boot_vectors.s...
compiling system_ARMCM0.c...
compiling hardfault_handler.c...
compiling nmi_handler.c...
compiling arch_console.c...
compiling nvds.c...
compiling arch_sleep.c...
compiling arch_main.c...
compiling jump_table.c...
compiling syscntl.c...
compiling arch_patch.c...
compiling arch_system.c...
compiling gpio.c...
..\..\..\..\..\sdk\platform\driver\gpio\gpio.c(119): warning:  #1215-D: #warning directive: "GPIO assignment checking is active! Deactivate before burning OTP..."
          #warning "GPIO assignment checking is active! Deactivate before burning OTP..."
..\..\..\..\..\sdk\platform\driver\gpio\gpio.c: 1 warning, 0 errors
compiling wkupct_quadec.c...
compiling battery.c...
compiling adc.c...
compiling trng.c...
compiling spi_flash.c...
compiling spi.c...
compiling i2c_eeprom.c...
compiling uart2.c...
compiling rf_580.c...
compiling rwble.c...
compiling gapm.c...
compiling rwip.c...
compiling attm_db_128.c...
compiling diss.c...
compiling diss_task.c...
compiling custs1.c...
compiling prf_utils.c...
compiling custs1_task.c...
compiling custom_common.c...
compiling app_default_handlers.c...
compiling app.c...
compiling app_task.c...
compiling app_security.c...
compiling app_security_task.c...
compiling app_bass.c...
compiling app_bass_task.c...
compiling app_findme.c...
compiling app_findme_task.c...
compiling app_proxr.c...
compiling app_proxr_task.c...
compiling app_diss.c...
compiling app_diss_task.c...
compiling app_spotar.c...
compiling app_spotar_task.c...
compiling app_entry_point.c...
compiling app_msg_utils.c...
compiling app_easy_msg_utils.c...
compiling app_easy_security.c...
compiling app_easy_timer.c...
compiling app_customs.c...
compiling app_customs_task.c...
compiling app_customs_common.c...
compiling user_custs_config.c...
compiling user_custs1_def.c...
compiling user_periph_setup.c...
compiling user_custs1_impl.c...
compiling user_peripheral.c...
linking...
Program Size: Code=17848 RO-data=2332 RW-data=764 ZI-data=7580  
FromELF: creating hex file...
".\out_580\ble_app_peripheral_580.axf" - 0 Error(s), 1 Warning(s).

<h2>Collection of Component include folders:</h2>
  C:\Users\Hao Hua\Documents\Projects\Dialog\DA1458x_SDK\5.0.4\projects\target_apps\ble_examples\ble_app_peripheral\Keil_5\RTE
  C:\Keil_v5\ARM\PACK\ARM\CMSIS\5.0.0-Beta4\Device\ARM\ARMCM0\Include

<h2>Collection of Component Files used:</h2>
Build Time Elapsed:  00:00:13
</pre>
</body>
</html>
